// Jest Snapshot v1, https://goo.gl/fbAQLP

exports[`<Chat /> matches snapshot 1`] = `
<div
  className="chat mockClassName"
>
  <Connect(MessagesBox) />
  <Connect(ChatForm) />
</div>
`;
