// Jest Snapshot v1, https://goo.gl/fbAQLP

exports[`<Button /> matches snapshot 1`] = `
<div
  className="btn mockClassName"
  role="button"
  tabIndex="0"
>
  <span>
    mockLabel
  </span>
</div>
`;
