// Jest Snapshot v1, https://goo.gl/fbAQLP

exports[`<ControlButton /> matches snapshot 1`] = `
<div
  className="btn control mockClassName"
  role="button"
  tabIndex="0"
>
  <span
    className="buttonText"
  >
    <span>
      mockLabel
    </span>
  </span>
</div>
`;
